Component: ARM Compiler 5.05 update 1 (build 106) Tool: armlink [4d0efa]

==============================================================================

Section Cross References

    main.o(i.SystemInit) refers to rt_memcpy_w.o(.text) for __aeabi_memcpy4
    main.o(i.SystemInit) refers to rt_memclr_w.o(.text) for __aeabi_memclr4
    main.o(i.func1) refers to main.o(.data) for .data
    main.o(i.main) refers to _printf_percent.o(.ARM.Collect$$_printf_percent$$00000000) for _printf_percent
    main.o(i.main) refers to _printf_d.o(.ARM.Collect$$_printf_percent$$00000009) for _printf_d
    main.o(i.main) refers to _printf_dec.o(.text) for _printf_int_dec
    main.o(i.main) refers to usart.o(i.usart1_init) for usart1_init
    main.o(i.main) refers to rt_memclr_w.o(.text) for __aeabi_memclr4
    main.o(i.main) refers to noretval__2sprintf.o(.text) for __2sprintf
    main.o(i.main) refers to usart.o(i.usart1_send_string) for usart1_send_string
    main.o(i.main) refers to main.o(i.delay) for delay
    main.o(i.main) refers to usart.o(i.send_addr) for send_addr
    main.o(i.main) refers to main.o(.data) for .data
    main.o(i.main) refers to main.o(.constdata) for .constdata
    main.o(i.mymain) refers to task.o(i.create_task) for create_task
    main.o(i.mymain) refers to task.o(i.os_start_schedule) for os_start_schedule
    main.o(i.mymain) refers to main.o(.bss) for .bss
    main.o(i.mymain) refers to main.o(i.task1) for task1
    main.o(i.mymain) refers to main.o(i.task2) for task2
    main.o(i.task1) refers to rt_memcpy_w.o(.text) for __aeabi_memcpy4
    main.o(i.task1) refers to usart.o(i.usart1_send_string) for usart1_send_string
    main.o(i.task1) refers to task.o(i.task_delay) for task_delay
    main.o(i.task1) refers to task.o(i.stack_usage) for stack_usage
    main.o(i.task1) refers to main.o(i.delay) for delay
    main.o(i.task1) refers to main.o(.constdata) for .constdata
    main.o(i.task1) refers to main.o(.data) for .data
    main.o(i.task2) refers to rt_memcpy_w.o(.text) for __aeabi_memcpy4
    main.o(i.task2) refers to usart.o(i.usart1_send_string) for usart1_send_string
    main.o(i.task2) refers to task.o(i.task_delay) for task_delay
    main.o(i.task2) refers to main.o(i.delay) for delay
    main.o(i.task2) refers to main.o(.constdata) for .constdata
    usart.o(i.send_addr) refers to _printf_percent.o(.ARM.Collect$$_printf_percent$$00000000) for _printf_percent
    usart.o(i.send_addr) refers to _printf_p.o(.ARM.Collect$$_printf_percent$$00000002) for _printf_p
    usart.o(i.send_addr) refers to _printf_hex_ptr.o(.text) for _printf_longlong_hex
    usart.o(i.send_addr) refers to noretval__2sprintf.o(.text) for __2sprintf
    usart.o(i.send_addr) refers to usart.o(i.usart1_send_string) for usart1_send_string
    usart.o(i.usart1_send_string) refers to usart.o(i.put_char) for put_char
    systick.o(i.SysTick_Handler) refers to task.o(i.os_schedule) for os_schedule
    task.o(.emb_text) refers to task.o(.data) for cur_task
    task.o(i.create_task) refers to task.o(i.list_add_task) for list_add_task
    task.o(i.default_task) refers to usart.o(i.usart1_send_string) for usart1_send_string
    task.o(i.default_task) refers to task.o(i.task_delay) for task_delay
    task.o(i.default_task) refers to main.o(i.delay) for delay
    task.o(i.get_current_task) refers to task.o(.data) for .data
    task.o(i.is_started) refers to task.o(.data) for .data
    task.o(i.list_add_task) refers to task.o(i.task_tcb_init) for task_tcb_init
    task.o(i.list_add_task) refers to task.o(.bss) for .bss
    task.o(i.os_schedule) refers to usart.o(i.usart1_send_string) for usart1_send_string
    task.o(i.os_schedule) refers to task.o(.emb_text) for __asm___6_task_c_cur_task__start_task
    task.o(i.os_schedule) refers to task.o(.data) for .data
    task.o(i.os_schedule) refers to task.o(.bss) for .bss
    task.o(i.os_start_schedule) refers to task.o(i.create_task) for create_task
    task.o(i.os_start_schedule) refers to task.o(.data) for .data
    task.o(i.os_start_schedule) refers to task.o(.bss) for .bss
    task.o(i.os_start_schedule) refers to task.o(i.default_task) for default_task
    task.o(i.save_stack) refers to task.o(.emb_text) for push_r4_r11
    task.o(i.save_stack) refers to task.o(.data) for .data
    task.o(i.stack_usage) refers to fflt_clz.o(x$fpl$fflt) for __aeabi_i2f
    task.o(i.stack_usage) refers to dflt_clz.o(x$fpl$dfltu) for __aeabi_ui2d
    task.o(i.stack_usage) refers to f2d.o(x$fpl$f2d) for __aeabi_f2d
    task.o(i.stack_usage) refers to ddiv.o(x$fpl$ddiv) for __aeabi_ddiv
    task.o(i.stack_usage) refers to d2f.o(x$fpl$d2f) for __aeabi_d2f
    task.o(i.stack_usage) refers to task.o(.data) for .data
    task.o(i.task_delay) refers to task.o(.data) for .data
    task.o(i.yeild) refers to task.o(.data) for .data
    start.o(RESET) refers to start.o(.text) for Reset_Handler
    start.o(RESET) refers to exception.o(i.HardFault_Handler) for HardFault_Handler
    start.o(RESET) refers to exception.o(i.SVC_Handler) for SVC_Handler
    start.o(.text) refers to main.o(i.SystemInit) for SystemInit
    start.o(.text) refers to usart.o(i.usart1_init) for usart1_init
    start.o(.text) refers to exception.o(i.UsageFaultInit) for UsageFaultInit
    start.o(.text) refers to systick.o(i.SysTickInit) for SysTickInit
    start.o(.text) refers to led.o(i.LedInit) for LedInit
    start.o(.text) refers to main.o(i.mymain) for mymain
    start.o(.text) refers to exception.o(i.UsageFault_Handler) for UsageFault_Handler
    start.o(.text) refers to systick.o(i.SysTick_Handler) for SysTick_Handler
    start.o(.text) refers to task.o(.data) for cur_task
    exception.o(i.HardFault_Handler) refers to usart.o(i.usart1_send_string) for usart1_send_string
    exception.o(i.SVC_Handler) refers to rt_memclr_w.o(.text) for __aeabi_memclr4
    exception.o(i.SVC_Handler) refers to usart.o(i.usart1_send_string) for usart1_send_string
    exception.o(i.UsageFault_Handler) refers to usart.o(i.usart1_send_string) for usart1_send_string
    __2sprintf.o(.text) refers to _printf_char_common.o(.text) for _printf_char_common
    __2sprintf.o(.text) refers to _sputc.o(.text) for _sputc
    noretval__2sprintf.o(.text) refers to _printf_char_common.o(.text) for _printf_char_common
    noretval__2sprintf.o(.text) refers to _sputc.o(.text) for _sputc
    __printf.o(.text) refers to _printf_percent.o(.ARM.Collect$$_printf_percent$$00000000) for _printf_percent
    _printf_dec.o(.text) refers to _printf_intcommon.o(.text) for _printf_int_common
    _printf_hex_ll.o(.text) refers to _printf_intcommon.o(.text) for _printf_int_common
    _printf_hex_ll.o(.text) refers to _printf_hex_ll.o(.constdata) for .constdata
    _printf_hex_int.o(.text) refers to _printf_intcommon.o(.text) for _printf_int_common
    _printf_hex_int.o(.text) refers to _printf_hex_int.o(.constdata) for .constdata
    _printf_hex_int_ll.o(.text) refers to _printf_intcommon.o(.text) for _printf_int_common
    _printf_hex_int_ll.o(.text) refers to _printf_hex_int_ll.o(.constdata) for .constdata
    _printf_hex_ptr.o(.text) refers to _printf_intcommon.o(.text) for _printf_int_common
    _printf_hex_ptr.o(.text) refers to _printf_hex_ptr.o(.constdata) for .constdata
    _printf_hex_int_ptr.o(.text) refers to _printf_intcommon.o(.text) for _printf_int_common
    _printf_hex_int_ptr.o(.text) refers to _printf_hex_int_ptr.o(.constdata) for .constdata
    _printf_hex_ll_ptr.o(.text) refers to _printf_intcommon.o(.text) for _printf_int_common
    _printf_hex_ll_ptr.o(.text) refers to _printf_hex_ll_ptr.o(.constdata) for .constdata
    _printf_hex_int_ll_ptr.o(.text) refers to _printf_intcommon.o(.text) for _printf_int_common
    _printf_hex_int_ll_ptr.o(.text) refers to _printf_hex_int_ll_ptr.o(.constdata) for .constdata
    __printf_flags.o(.text) refers to _printf_percent.o(.ARM.Collect$$_printf_percent$$00000000) for _printf_percent
    __printf_flags.o(.text) refers to __printf_flags.o(.constdata) for .constdata
    __printf_ss.o(.text) refers to _printf_percent.o(.ARM.Collect$$_printf_percent$$00000000) for _printf_percent
    __printf_flags_ss.o(.text) refers to _printf_percent.o(.ARM.Collect$$_printf_percent$$00000000) for _printf_percent
    __printf_flags_ss.o(.text) refers to __printf_flags_ss.o(.constdata) for .constdata
    __printf_wp.o(.text) refers to __printf_wp.o(i._is_digit) for _is_digit
    __printf_wp.o(.text) refers to _printf_percent.o(.ARM.Collect$$_printf_percent$$00000000) for _printf_percent
    __printf_flags_wp.o(.text) refers to __printf_wp.o(i._is_digit) for _is_digit
    __printf_flags_wp.o(.text) refers to _printf_percent.o(.ARM.Collect$$_printf_percent$$00000000) for _printf_percent
    __printf_flags_wp.o(.text) refers to __printf_flags_wp.o(.constdata) for .constdata
    __printf_ss_wp.o(.text) refers to __printf_wp.o(i._is_digit) for _is_digit
    __printf_ss_wp.o(.text) refers to _printf_percent.o(.ARM.Collect$$_printf_percent$$00000000) for _printf_percent
    __printf_flags_ss_wp.o(.text) refers to __printf_wp.o(i._is_digit) for _is_digit
    __printf_flags_ss_wp.o(.text) refers to _printf_percent.o(.ARM.Collect$$_printf_percent$$00000000) for _printf_percent
    __printf_flags_ss_wp.o(.text) refers to __printf_flags_ss_wp.o(.constdata) for .constdata
    _printf_p.o(.ARM.Collect$$_printf_percent$$00000002) refers (Weak) to _printf_hex_ptr.o(.text) for _printf_hex_ptr
    _printf_d.o(.ARM.Collect$$_printf_percent$$00000009) refers (Weak) to _printf_dec.o(.text) for _printf_int_dec
    _printf_percent.o(.ARM.Collect$$_printf_percent$$00000000) refers (Special) to _printf_percent_end.o(.ARM.Collect$$_printf_percent$$00000017) for _printf_percent_end
    __main.o(!!!main) refers to __rtentry.o(.ARM.Collect$$rtentry$$00000000) for __rt_entry
    d2f.o(x$fpl$d2f) refers (Special) to usenofp.o(x$fpl$usenofp) for __I$use$fp
    d2f.o(x$fpl$d2f) refers to fretinf.o(x$fpl$fretinf) for __fpl_fretinf
    d2f.o(x$fpl$d2f) refers to dnaninf.o(x$fpl$dnaninf) for __fpl_dnaninf
    ddiv.o(x$fpl$drdiv) refers (Special) to usenofp.o(x$fpl$usenofp) for __I$use$fp
    ddiv.o(x$fpl$drdiv) refers to ddiv.o(x$fpl$ddiv) for ddiv_entry
    ddiv.o(x$fpl$ddiv) refers (Special) to usenofp.o(x$fpl$usenofp) for __I$use$fp
    ddiv.o(x$fpl$ddiv) refers to dretinf.o(x$fpl$dretinf) for __fpl_dretinf
    ddiv.o(x$fpl$ddiv) refers to dnaninf.o(x$fpl$dnaninf) for __fpl_dnaninf
    dflt_clz.o(x$fpl$dfltu) refers (Special) to usenofp.o(x$fpl$usenofp) for __I$use$fp
    dflt_clz.o(x$fpl$dflt) refers (Special) to usenofp.o(x$fpl$usenofp) for __I$use$fp
    dflt_clz.o(x$fpl$dfltn) refers (Special) to usenofp.o(x$fpl$usenofp) for __I$use$fp
    f2d.o(x$fpl$f2d) refers (Special) to usenofp.o(x$fpl$usenofp) for __I$use$fp
    f2d.o(x$fpl$f2d) refers to fnaninf.o(x$fpl$fnaninf) for __fpl_fnaninf
    f2d.o(x$fpl$f2d) refers to dretinf.o(x$fpl$dretinf) for __fpl_dretinf
    fflt_clz.o(x$fpl$ffltu) refers (Special) to usenofp.o(x$fpl$usenofp) for __I$use$fp
    fflt_clz.o(x$fpl$fflt) refers (Special) to usenofp.o(x$fpl$usenofp) for __I$use$fp
    fflt_clz.o(x$fpl$ffltn) refers (Special) to usenofp.o(x$fpl$usenofp) for __I$use$fp
    __rtentry.o(.ARM.Collect$$rtentry$$00000000) refers (Special) to __rtentry2.o(.ARM.Collect$$rtentry$$0000000A) for __rt_entry_li
    __rtentry.o(.ARM.Collect$$rtentry$$00000000) refers (Special) to __rtentry2.o(.ARM.Collect$$rtentry$$0000000D) for __rt_entry_main
    __rtentry.o(.ARM.Collect$$rtentry$$00000000) refers (Special) to __rtentry2.o(.ARM.Collect$$rtentry$$0000000C) for __rt_entry_postli_1
    __rtentry.o(.ARM.Collect$$rtentry$$00000000) refers (Special) to __rtentry2.o(.ARM.Collect$$rtentry$$00000009) for __rt_entry_postsh_1
    __rtentry.o(.ARM.Collect$$rtentry$$00000000) refers (Special) to __rtentry2.o(.ARM.Collect$$rtentry$$00000002) for __rt_entry_presh_1
    __rtentry.o(.ARM.Collect$$rtentry$$00000000) refers (Special) to __rtentry4.o(.ARM.Collect$$rtentry$$00000004) for __rt_entry_sh
    _printf_char_common.o(.text) refers to __printf.o(.text) for __printf
    dnaninf.o(x$fpl$dnaninf) refers (Special) to usenofp.o(x$fpl$usenofp) for __I$use$fp
    dretinf.o(x$fpl$dretinf) refers (Special) to usenofp.o(x$fpl$usenofp) for __I$use$fp
    fnaninf.o(x$fpl$fnaninf) refers (Special) to usenofp.o(x$fpl$usenofp) for __I$use$fp
    fretinf.o(x$fpl$fretinf) refers (Special) to usenofp.o(x$fpl$usenofp) for __I$use$fp
    __rtentry2.o(.ARM.Collect$$rtentry$$00000008) refers to boardinit2.o(.text) for _platform_post_stackheap_init
    __rtentry2.o(.ARM.Collect$$rtentry$$0000000A) refers to libinit.o(.ARM.Collect$$libinit$$00000000) for __rt_lib_init
    __rtentry2.o(.ARM.Collect$$rtentry$$0000000B) refers to boardinit3.o(.text) for _platform_post_lib_init
    __rtentry2.o(.ARM.Collect$$rtentry$$0000000D) refers to main.o(i.main) for main
    __rtentry2.o(.ARM.Collect$$rtentry$$0000000D) refers to exit.o(.text) for exit
    __rtentry2.o(.ARM.exidx) refers to __rtentry2.o(.ARM.Collect$$rtentry$$00000001) for .ARM.Collect$$rtentry$$00000001
    __rtentry2.o(.ARM.exidx) refers to __rtentry2.o(.ARM.Collect$$rtentry$$00000008) for .ARM.Collect$$rtentry$$00000008
    __rtentry2.o(.ARM.exidx) refers to __rtentry2.o(.ARM.Collect$$rtentry$$0000000A) for .ARM.Collect$$rtentry$$0000000A
    __rtentry2.o(.ARM.exidx) refers to __rtentry2.o(.ARM.Collect$$rtentry$$0000000B) for .ARM.Collect$$rtentry$$0000000B
    __rtentry2.o(.ARM.exidx) refers to __rtentry2.o(.ARM.Collect$$rtentry$$0000000D) for .ARM.Collect$$rtentry$$0000000D
    __rtentry4.o(.ARM.Collect$$rtentry$$00000004) refers to sys_stackheap_outer.o(.text) for __user_setup_stackheap
    __rtentry4.o(.ARM.exidx) refers to __rtentry4.o(.ARM.Collect$$rtentry$$00000004) for .ARM.Collect$$rtentry$$00000004
    sys_stackheap_outer.o(.text) refers to libspace.o(.text) for __user_perproc_libspace
    sys_stackheap_outer.o(.text) refers to sys_stackheap.o(.text) for __user_initial_stackheap
    exit.o(.text) refers to rtexit.o(.ARM.Collect$$rtexit$$00000000) for __rt_exit
    libinit.o(.ARM.Collect$$libinit$$00000000) refers (Special) to libinit2.o(.ARM.Collect$$libinit$$0000002E) for __rt_lib_init_alloca_1
    libinit.o(.ARM.Collect$$libinit$$00000000) refers (Special) to libinit2.o(.ARM.Collect$$libinit$$0000002C) for __rt_lib_init_argv_1
    libinit.o(.ARM.Collect$$libinit$$00000000) refers (Special) to libinit2.o(.ARM.Collect$$libinit$$0000001B) for __rt_lib_init_atexit_1
    libinit.o(.ARM.Collect$$libinit$$00000000) refers (Special) to libinit2.o(.ARM.Collect$$libinit$$00000021) for __rt_lib_init_clock_1
    libinit.o(.ARM.Collect$$libinit$$00000000) refers (Special) to libinit2.o(.ARM.Collect$$libinit$$00000032) for __rt_lib_init_cpp_1
    libinit.o(.ARM.Collect$$libinit$$00000000) refers (Special) to libinit2.o(.ARM.Collect$$libinit$$00000030) for __rt_lib_init_exceptions_1
    libinit.o(.ARM.Collect$$libinit$$00000000) refers (Special) to libinit2.o(.ARM.Collect$$libinit$$00000002) for __rt_lib_init_fp_1
    libinit.o(.ARM.Collect$$libinit$$00000000) refers (Special) to libinit2.o(.ARM.Collect$$libinit$$0000001F) for __rt_lib_init_fp_trap_1
    libinit.o(.ARM.Collect$$libinit$$00000000) refers (Special) to libinit2.o(.ARM.Collect$$libinit$$00000023) for __rt_lib_init_getenv_1
    libinit.o(.ARM.Collect$$libinit$$00000000) refers (Special) to libinit2.o(.ARM.Collect$$libinit$$0000000A) for __rt_lib_init_heap_1
    libinit.o(.ARM.Collect$$libinit$$00000000) refers (Special) to libinit2.o(.ARM.Collect$$libinit$$00000011) for __rt_lib_init_lc_collate_1
    libinit.o(.ARM.Collect$$libinit$$00000000) refers (Special) to libinit2.o(.ARM.Collect$$libinit$$00000013) for __rt_lib_init_lc_ctype_1
    libinit.o(.ARM.Collect$$libinit$$00000000) refers (Special) to libinit2.o(.ARM.Collect$$libinit$$00000015) for __rt_lib_init_lc_monetary_1
    libinit.o(.ARM.Collect$$libinit$$00000000) refers (Special) to libinit2.o(.ARM.Collect$$libinit$$00000017) for __rt_lib_init_lc_numeric_1
    libinit.o(.ARM.Collect$$libinit$$00000000) refers (Special) to libinit2.o(.ARM.Collect$$libinit$$00000019) for __rt_lib_init_lc_time_1
    libinit.o(.ARM.Collect$$libinit$$00000000) refers (Special) to libinit2.o(.ARM.Collect$$libinit$$00000004) for __rt_lib_init_preinit_1
    libinit.o(.ARM.Collect$$libinit$$00000000) refers (Special) to libinit2.o(.ARM.Collect$$libinit$$0000000E) for __rt_lib_init_rand_1
    libinit.o(.ARM.Collect$$libinit$$00000000) refers (Special) to libinit2.o(.ARM.Collect$$libinit$$00000033) for __rt_lib_init_return
    libinit.o(.ARM.Collect$$libinit$$00000000) refers (Special) to libinit2.o(.ARM.Collect$$libinit$$0000001D) for __rt_lib_init_signal_1
    libinit.o(.ARM.Collect$$libinit$$00000000) refers (Special) to libinit2.o(.ARM.Collect$$libinit$$00000025) for __rt_lib_init_stdio_1
    libinit.o(.ARM.Collect$$libinit$$00000000) refers (Special) to libinit2.o(.ARM.Collect$$libinit$$0000000C) for __rt_lib_init_user_alloc_1
    libspace.o(.text) refers to libspace.o(.bss) for __libspace_start
    sys_stackheap.o(.text) refers (Special) to indicate_semi.o(.text) for __semihosting_library_function
    sys_stackheap.o(.text) refers to use_no_semi.o(.text) for __I$use$semihosting
    rtexit.o(.ARM.Collect$$rtexit$$00000000) refers (Special) to rtexit2.o(.ARM.Collect$$rtexit$$00000004) for __rt_exit_exit
    rtexit.o(.ARM.Collect$$rtexit$$00000000) refers (Special) to rtexit2.o(.ARM.Collect$$rtexit$$00000003) for __rt_exit_ls
    rtexit.o(.ARM.Collect$$rtexit$$00000000) refers (Special) to rtexit2.o(.ARM.Collect$$rtexit$$00000002) for __rt_exit_prels_1
    rtexit.o(.ARM.exidx) refers (Special) to rtexit2.o(.ARM.Collect$$rtexit$$00000004) for __rt_exit_exit
    rtexit.o(.ARM.exidx) refers (Special) to rtexit2.o(.ARM.Collect$$rtexit$$00000003) for __rt_exit_ls
    rtexit.o(.ARM.exidx) refers (Special) to rtexit2.o(.ARM.Collect$$rtexit$$00000002) for __rt_exit_prels_1
    rtexit.o(.ARM.exidx) refers to rtexit.o(.ARM.Collect$$rtexit$$00000000) for .ARM.Collect$$rtexit$$00000000
    libinit2.o(.ARM.Collect$$libinit$$00000010) refers to libinit2.o(.ARM.Collect$$libinit$$0000000F) for .ARM.Collect$$libinit$$0000000F
    libinit2.o(.ARM.Collect$$libinit$$00000012) refers to libinit2.o(.ARM.Collect$$libinit$$0000000F) for .ARM.Collect$$libinit$$0000000F
    libinit2.o(.ARM.Collect$$libinit$$00000014) refers to libinit2.o(.ARM.Collect$$libinit$$0000000F) for .ARM.Collect$$libinit$$0000000F
    libinit2.o(.ARM.Collect$$libinit$$00000016) refers to libinit2.o(.ARM.Collect$$libinit$$0000000F) for .ARM.Collect$$libinit$$0000000F
    libinit2.o(.ARM.Collect$$libinit$$00000018) refers to libinit2.o(.ARM.Collect$$libinit$$0000000F) for .ARM.Collect$$libinit$$0000000F
    libinit2.o(.ARM.Collect$$libinit$$00000026) refers to argv_veneer.o(.emb_text) for __ARM_argv_veneer
    libinit2.o(.ARM.Collect$$libinit$$00000027) refers to argv_veneer.o(.emb_text) for __ARM_argv_veneer
    rtexit2.o(.ARM.Collect$$rtexit$$00000003) refers to libshutdown.o(.ARM.Collect$$libshutdown$$00000000) for __rt_lib_shutdown
    rtexit2.o(.ARM.Collect$$rtexit$$00000004) refers to sys_exit.o(.text) for _sys_exit
    rtexit2.o(.ARM.exidx) refers to rtexit2.o(.ARM.Collect$$rtexit$$00000001) for .ARM.Collect$$rtexit$$00000001
    rtexit2.o(.ARM.exidx) refers to rtexit2.o(.ARM.Collect$$rtexit$$00000003) for .ARM.Collect$$rtexit$$00000003
    rtexit2.o(.ARM.exidx) refers to rtexit2.o(.ARM.Collect$$rtexit$$00000004) for .ARM.Collect$$rtexit$$00000004
    argv_veneer.o(.emb_text) refers to no_argv.o(.text) for __ARM_get_argv
    sys_exit.o(.text) refers (Special) to use_no_semi.o(.text) for __I$use$semihosting
    sys_exit.o(.text) refers (Special) to indicate_semi.o(.text) for __semihosting_library_function
    _get_argv_nomalloc.o(.text) refers (Special) to hrguard.o(.text) for __heap_region$guard
    _get_argv_nomalloc.o(.text) refers to defsig_rtmem_outer.o(.text) for __rt_SIGRTMEM
    _get_argv_nomalloc.o(.text) refers to sys_command.o(.text) for _sys_command_string
    libshutdown.o(.ARM.Collect$$libshutdown$$00000000) refers (Special) to libshutdown2.o(.ARM.Collect$$libshutdown$$00000006) for __rt_lib_shutdown_fp_trap_1
    libshutdown.o(.ARM.Collect$$libshutdown$$00000000) refers (Special) to libshutdown2.o(.ARM.Collect$$libshutdown$$0000000E) for __rt_lib_shutdown_heap_1
    libshutdown.o(.ARM.Collect$$libshutdown$$00000000) refers (Special) to libshutdown2.o(.ARM.Collect$$libshutdown$$0000000F) for __rt_lib_shutdown_return
    libshutdown.o(.ARM.Collect$$libshutdown$$00000000) refers (Special) to libshutdown2.o(.ARM.Collect$$libshutdown$$00000009) for __rt_lib_shutdown_signal_1
    libshutdown.o(.ARM.Collect$$libshutdown$$00000000) refers (Special) to libshutdown2.o(.ARM.Collect$$libshutdown$$00000003) for __rt_lib_shutdown_stdio_1
    libshutdown.o(.ARM.Collect$$libshutdown$$00000000) refers (Special) to libshutdown2.o(.ARM.Collect$$libshutdown$$0000000B) for __rt_lib_shutdown_user_alloc_1
    sys_command.o(.text) refers (Special) to use_no_semi.o(.text) for __I$use$semihosting
    sys_command.o(.text) refers (Special) to indicate_semi.o(.text) for __semihosting_library_function
    defsig_rtmem_outer.o(.text) refers to defsig_rtmem_inner.o(.text) for __rt_SIGRTMEM_inner
    defsig_rtmem_outer.o(.text) refers to defsig_exit.o(.text) for __sig_exit
    defsig_rtmem_formal.o(.text) refers to rt_raise.o(.text) for __rt_raise
    rt_raise.o(.text) refers to __raise.o(.text) for __raise
    rt_raise.o(.text) refers to sys_exit.o(.text) for _sys_exit
    defsig_exit.o(.text) refers to sys_exit.o(.text) for _sys_exit
    defsig_rtmem_inner.o(.text) refers to defsig_general.o(.text) for __default_signal_display
    __raise.o(.text) refers to defsig.o(CL$$defsig) for __default_signal_handler
    defsig_general.o(.text) refers to sys_wrch.o(.text) for _ttywrch
    sys_wrch.o(.text) refers (Special) to use_no_semi.o(.text) for __I$use$semihosting
    sys_wrch.o(.text) refers (Special) to indicate_semi.o(.text) for __semihosting_library_function
    defsig.o(CL$$defsig) refers to defsig_rtmem_inner.o(.text) for __rt_SIGRTMEM_inner
    defsig_abrt_inner.o(.text) refers to defsig_general.o(.text) for __default_signal_display
    defsig_fpe_inner.o(.text) refers to defsig_general.o(.text) for __default_signal_display
    defsig_rtred_inner.o(.text) refers to defsig_general.o(.text) for __default_signal_display
    defsig_stak_inner.o(.text) refers to defsig_general.o(.text) for __default_signal_display
    defsig_pvfn_inner.o(.text) refers to defsig_general.o(.text) for __default_signal_display
    defsig_cppl_inner.o(.text) refers to defsig_general.o(.text) for __default_signal_display
    defsig_segv_inner.o(.text) refers to defsig_general.o(.text) for __default_signal_display
    defsig_other.o(.text) refers to defsig_general.o(.text) for __default_signal_display


==============================================================================

Removing Unused input sections from the image.

    Removing main.o(i.add), (16 bytes).
    Removing main.o(i.func), (76 bytes).
    Removing main.o(i.func1), (12 bytes).
    Removing main.o(i.mymemcpy), (16 bytes).
    Removing main.o(i.mymemset), (12 bytes).
    Removing main.o(i.switch_task), (2 bytes).
    Removing main.o(.data), (80 bytes).
    Removing main.o(.data), (4 bytes).
    Removing main.o(.data), (4 bytes).
    Removing led.o(i.LedCtrl), (24 bytes).
    Removing systick.o(.bss), (30 bytes).
    Removing string.o(i.memcpy), (16 bytes).
    Removing string.o(i.memset), (12 bytes).
    Removing task.o(.rev16_text), (4 bytes).
    Removing task.o(.revsh_text), (4 bytes).
    Removing task.o(.rrx_text), (6 bytes).
    Removing task.o(i.get_current_task), (12 bytes).
    Removing task.o(i.is_started), (12 bytes).
    Removing task.o(i.save_stack), (24 bytes).
    Removing task.o(i.yeild), (16 bytes).
    Removing exception.o(i.func), (2 bytes).

21 unused section(s) (total 384 bytes) removed from the image.

==============================================================================

Image Symbol Table

    Local Symbols

    Symbol Name                              Value     Ov Type        Size  Object(Section)

    ../clib/angel/boardlib.s                 0x00000000   Number         0  boardinit3.o ABSOLUTE
    ../clib/angel/boardlib.s                 0x00000000   Number         0  boardshut.o ABSOLUTE
    ../clib/angel/boardlib.s                 0x00000000   Number         0  boardinit2.o ABSOLUTE
    ../clib/angel/boardlib.s                 0x00000000   Number         0  boardinit1.o ABSOLUTE
    ../clib/angel/handlers.s                 0x00000000   Number         0  __scatter_zi.o ABSOLUTE
    ../clib/angel/handlers.s                 0x00000000   Number         0  __scatter_copy.o ABSOLUTE
    ../clib/angel/kernel.s                   0x00000000   Number         0  __rtentry.o ABSOLUTE
    ../clib/angel/kernel.s                   0x00000000   Number         0  rtexit.o ABSOLUTE
    ../clib/angel/kernel.s                   0x00000000   Number         0  rtexit2.o ABSOLUTE
    ../clib/angel/kernel.s                   0x00000000   Number         0  __rtentry4.o ABSOLUTE
    ../clib/angel/kernel.s                   0x00000000   Number         0  __rtentry2.o ABSOLUTE
    ../clib/angel/rt.s                       0x00000000   Number         0  rt_raise.o ABSOLUTE
    ../clib/angel/scatter.s                  0x00000000   Number         0  __scatter.o ABSOLUTE
    ../clib/angel/startup.s                  0x00000000   Number         0  __main.o ABSOLUTE
    ../clib/angel/sys.s                      0x00000000   Number         0  sys_stackheap_outer.o ABSOLUTE
    ../clib/angel/sys.s                      0x00000000   Number         0  indicate_semi.o ABSOLUTE
    ../clib/angel/sys.s                      0x00000000   Number         0  libspace.o ABSOLUTE
    ../clib/angel/sys.s                      0x00000000   Number         0  use_no_semi.o ABSOLUTE
    ../clib/angel/sys.s                      0x00000000   Number         0  sys_stackheap.o ABSOLUTE
    ../clib/angel/sysapp.c                   0x00000000   Number         0  sys_exit.o ABSOLUTE
    ../clib/angel/sysapp.c                   0x00000000   Number         0  sys_command.o ABSOLUTE
    ../clib/angel/sysapp.c                   0x00000000   Number         0  sys_wrch.o ABSOLUTE
    ../clib/armsys.c                         0x00000000   Number         0  _get_argv_nomalloc.o ABSOLUTE
    ../clib/armsys.c                         0x00000000   Number         0  argv_veneer.o ABSOLUTE
    ../clib/armsys.c                         0x00000000   Number         0  argv_veneer.o ABSOLUTE
    ../clib/armsys.c                         0x00000000   Number         0  no_argv.o ABSOLUTE
    ../clib/heapalloc.c                      0x00000000   Number         0  hrguard.o ABSOLUTE
    ../clib/libinit.s                        0x00000000   Number         0  libinit.o ABSOLUTE
    ../clib/libinit.s                        0x00000000   Number         0  libshutdown.o ABSOLUTE
    ../clib/libinit.s                        0x00000000   Number         0  libshutdown2.o ABSOLUTE
    ../clib/libinit.s                        0x00000000   Number         0  libinit2.o ABSOLUTE
    ../clib/memcpset.s                       0x00000000   Number         0  rt_memcpy_w.o ABSOLUTE
    ../clib/memcpset.s                       0x00000000   Number         0  rt_memclr_w.o ABSOLUTE
    ../clib/printf.c                         0x00000000   Number         0  __printf_ss.o ABSOLUTE
    ../clib/printf.c                         0x00000000   Number         0  _printf_hex_int_ll.o ABSOLUTE
    ../clib/printf.c                         0x00000000   Number         0  __2sprintf.o ABSOLUTE
    ../clib/printf.c                         0x00000000   Number         0  _printf_hex_int.o ABSOLUTE
    ../clib/printf.c                         0x00000000   Number         0  _printf_hex_int_ll_ptr.o ABSOLUTE
    ../clib/printf.c                         0x00000000   Number         0  __printf_wp.o ABSOLUTE
    ../clib/printf.c                         0x00000000   Number         0  __printf_flags_wp.o ABSOLUTE
    ../clib/printf.c                         0x00000000   Number         0  __printf_ss_wp.o ABSOLUTE
    ../clib/printf.c                         0x00000000   Number         0  __printf_flags_ss_wp.o ABSOLUTE
    ../clib/printf.c                         0x00000000   Number         0  __printf_flags.o ABSOLUTE
    ../clib/printf.c                         0x00000000   Number         0  _printf_hex_ll.o ABSOLUTE
    ../clib/printf.c                         0x00000000   Number         0  _printf_hex_ll_ptr.o ABSOLUTE
    ../clib/printf.c                         0x00000000   Number         0  _printf_hex_int_ptr.o ABSOLUTE
    ../clib/printf.c                         0x00000000   Number         0  _printf_hex_ptr.o ABSOLUTE
    ../clib/printf.c                         0x00000000   Number         0  _printf_dec.o ABSOLUTE
    ../clib/printf.c                         0x00000000   Number         0  _printf_char_common.o ABSOLUTE
    ../clib/printf.c                         0x00000000   Number         0  __printf.o ABSOLUTE
    ../clib/printf.c                         0x00000000   Number         0  __printf_nopercent.o ABSOLUTE
    ../clib/printf.c                         0x00000000   Number         0  _sputc.o ABSOLUTE
    ../clib/printf.c                         0x00000000   Number         0  noretval__2sprintf.o ABSOLUTE
    ../clib/printf.c                         0x00000000   Number         0  __printf_flags_ss.o ABSOLUTE
    ../clib/printf.c                         0x00000000   Number         0  _printf_intcommon.o ABSOLUTE
    ../clib/printf_percent.s                 0x00000000   Number         0  _printf_percent.o ABSOLUTE
    ../clib/printf_percent.s                 0x00000000   Number         0  _printf_percent_end.o ABSOLUTE
    ../clib/printf_percent.s                 0x00000000   Number         0  _printf_p.o ABSOLUTE
    ../clib/printf_percent.s                 0x00000000   Number         0  _printf_d.o ABSOLUTE
    ../clib/signal.c                         0x00000000   Number         0  defsig_abrt_inner.o ABSOLUTE
    ../clib/signal.c                         0x00000000   Number         0  defsig_general.o ABSOLUTE
    ../clib/signal.c                         0x00000000   Number         0  __raise.o ABSOLUTE
    ../clib/signal.c                         0x00000000   Number         0  defsig_rtmem_inner.o ABSOLUTE
    ../clib/signal.c                         0x00000000   Number         0  defsig_exit.o ABSOLUTE
    ../clib/signal.c                         0x00000000   Number         0  defsig_rtmem_formal.o ABSOLUTE
    ../clib/signal.c                         0x00000000   Number         0  defsig_rtmem_outer.o ABSOLUTE
    ../clib/signal.c                         0x00000000   Number         0  defsig_pvfn_inner.o ABSOLUTE
    ../clib/signal.c                         0x00000000   Number         0  defsig_other.o ABSOLUTE
    ../clib/signal.c                         0x00000000   Number         0  defsig_segv_inner.o ABSOLUTE
    ../clib/signal.c                         0x00000000   Number         0  defsig_cppl_inner.o ABSOLUTE
    ../clib/signal.c                         0x00000000   Number         0  defsig_stak_inner.o ABSOLUTE
    ../clib/signal.c                         0x00000000   Number         0  defsig_rtred_inner.o ABSOLUTE
    ../clib/signal.c                         0x00000000   Number         0  defsig_fpe_inner.o ABSOLUTE
    ../clib/signal.s                         0x00000000   Number         0  defsig.o ABSOLUTE
    ../clib/stdlib.c                         0x00000000   Number         0  exit.o ABSOLUTE
    ../fplib/d2f.s                           0x00000000   Number         0  d2f.o ABSOLUTE
    ../fplib/ddiv.s                          0x00000000   Number         0  ddiv.o ABSOLUTE
    ../fplib/dflt.s                          0x00000000   Number         0  dflt_clz.o ABSOLUTE
    ../fplib/dnaninf.s                       0x00000000   Number         0  dnaninf.o ABSOLUTE
    ../fplib/dretinf.s                       0x00000000   Number         0  dretinf.o ABSOLUTE
    ../fplib/f2d.s                           0x00000000   Number         0  f2d.o ABSOLUTE
    ../fplib/fflt.s                          0x00000000   Number         0  fflt_clz.o ABSOLUTE
    ../fplib/fnaninf.s                       0x00000000   Number         0  fnaninf.o ABSOLUTE
    ../fplib/fpinit.s                        0x00000000   Number         0  fpinit.o ABSOLUTE
    ../fplib/fretinf.s                       0x00000000   Number         0  fretinf.o ABSOLUTE
    ../fplib/usenofp.s                       0x00000000   Number         0  usenofp.o ABSOLUTE
    dc.s                                     0x00000000   Number         0  dc.o ABSOLUTE
    exception.c                              0x00000000   Number         0  exception.o ABSOLUTE
    led.c                                    0x00000000   Number         0  led.o ABSOLUTE
    src\\task.c                              0x00000000   Number         0  task.o ABSOLUTE
    src\main.c                               0x00000000   Number         0  main.o ABSOLUTE
    src\string.c                             0x00000000   Number         0  string.o ABSOLUTE
    src\task.c                               0x00000000   Number         0  task.o ABSOLUTE
    src\usart.c                              0x00000000   Number         0  usart.o ABSOLUTE
    start\start.s                            0x00000000   Number         0  start.o ABSOLUTE
    systick.c                                0x00000000   Number         0  systick.o ABSOLUTE
    RESET                                    0x08000000   Section       64  start.o(RESET)
    !!!main                                  0x08000040   Section        8  __main.o(!!!main)
    !!!scatter                               0x08000048   Section       52  __scatter.o(!!!scatter)
    !!handler_copy                           0x0800007c   Section       26  __scatter_copy.o(!!handler_copy)
    !!handler_zi                             0x08000098   Section       28  __scatter_zi.o(!!handler_zi)
    .ARM.Collect$$_printf_percent$$00000000  0x080000b4   Section        0  _printf_percent.o(.ARM.Collect$$_printf_percent$$00000000)
    .ARM.Collect$$_printf_percent$$00000002  0x080000b4   Section        6  _printf_p.o(.ARM.Collect$$_printf_percent$$00000002)
    .ARM.Collect$$_printf_percent$$00000009  0x080000ba   Section        6  _printf_d.o(.ARM.Collect$$_printf_percent$$00000009)
    .ARM.Collect$$_printf_percent$$00000017  0x080000c0   Section        4  _printf_percent_end.o(.ARM.Collect$$_printf_percent$$00000017)
    .ARM.Collect$$libinit$$00000000          0x080000c4   Section        2  libinit.o(.ARM.Collect$$libinit$$00000000)
    .ARM.Collect$$libinit$$00000002          0x080000c6   Section        0  libinit2.o(.ARM.Collect$$libinit$$00000002)
    .ARM.Collect$$libinit$$00000004          0x080000c6   Section        0  libinit2.o(.ARM.Collect$$libinit$$00000004)
    .ARM.Collect$$libinit$$0000000A          0x080000c6   Section        0  libinit2.o(.ARM.Collect$$libinit$$0000000A)
    .ARM.Collect$$libinit$$0000000C          0x080000c6   Section        0  libinit2.o(.ARM.Collect$$libinit$$0000000C)
    .ARM.Collect$$libinit$$0000000E          0x080000c6   Section        0  libinit2.o(.ARM.Collect$$libinit$$0000000E)
    .ARM.Collect$$libinit$$00000011          0x080000c6   Section        0  libinit2.o(.ARM.Collect$$libinit$$00000011)
    .ARM.Collect$$libinit$$00000013          0x080000c6   Section        0  libinit2.o(.ARM.Collect$$libinit$$00000013)
    .ARM.Collect$$libinit$$00000015          0x080000c6   Section        0  libinit2.o(.ARM.Collect$$libinit$$00000015)
    .ARM.Collect$$libinit$$00000017          0x080000c6   Section        0  libinit2.o(.ARM.Collect$$libinit$$00000017)
    .ARM.Collect$$libinit$$00000019          0x080000c6   Section        0  libinit2.o(.ARM.Collect$$libinit$$00000019)
    .ARM.Collect$$libinit$$0000001B          0x080000c6   Section        0  libinit2.o(.ARM.Collect$$libinit$$0000001B)
    .ARM.Collect$$libinit$$0000001D          0x080000c6   Section        0  libinit2.o(.ARM.Collect$$libinit$$0000001D)
    .ARM.Collect$$libinit$$0000001F          0x080000c6   Section        0  libinit2.o(.ARM.Collect$$libinit$$0000001F)
    .ARM.Collect$$libinit$$00000021          0x080000c6   Section        0  libinit2.o(.ARM.Collect$$libinit$$00000021)
    .ARM.Collect$$libinit$$00000023          0x080000c6   Section        0  libinit2.o(.ARM.Collect$$libinit$$00000023)
    .ARM.Collect$$libinit$$00000025          0x080000c6   Section        0  libinit2.o(.ARM.Collect$$libinit$$00000025)
    .ARM.Collect$$libinit$$0000002C          0x080000c6   Section        0  libinit2.o(.ARM.Collect$$libinit$$0000002C)
    .ARM.Collect$$libinit$$0000002E          0x080000c6   Section        0  libinit2.o(.ARM.Collect$$libinit$$0000002E)
    .ARM.Collect$$libinit$$00000030          0x080000c6   Section        0  libinit2.o(.ARM.Collect$$libinit$$00000030)
    .ARM.Collect$$libinit$$00000032          0x080000c6   Section        0  libinit2.o(.ARM.Collect$$libinit$$00000032)
    .ARM.Collect$$libinit$$00000033          0x080000c6   Section        2  libinit2.o(.ARM.Collect$$libinit$$00000033)
    .ARM.Collect$$libshutdown$$00000000      0x080000c8   Section        2  libshutdown.o(.ARM.Collect$$libshutdown$$00000000)
    .ARM.Collect$$libshutdown$$00000003      0x080000ca   Section        0  libshutdown2.o(.ARM.Collect$$libshutdown$$00000003)
    .ARM.Collect$$libshutdown$$00000006      0x080000ca   Section        0  libshutdown2.o(.ARM.Collect$$libshutdown$$00000006)
    .ARM.Collect$$libshutdown$$00000009      0x080000ca   Section        0  libshutdown2.o(.ARM.Collect$$libshutdown$$00000009)
    .ARM.Collect$$libshutdown$$0000000B      0x080000ca   Section        0  libshutdown2.o(.ARM.Collect$$libshutdown$$0000000B)
    .ARM.Collect$$libshutdown$$0000000E      0x080000ca   Section        0  libshutdown2.o(.ARM.Collect$$libshutdown$$0000000E)
    .ARM.Collect$$libshutdown$$0000000F      0x080000ca   Section        2  libshutdown2.o(.ARM.Collect$$libshutdown$$0000000F)
    .ARM.Collect$$rtentry$$00000000          0x080000cc   Section        0  __rtentry.o(.ARM.Collect$$rtentry$$00000000)
    .ARM.Collect$$rtentry$$00000002          0x080000cc   Section        0  __rtentry2.o(.ARM.Collect$$rtentry$$00000002)
    .ARM.Collect$$rtentry$$00000004          0x080000cc   Section        6  __rtentry4.o(.ARM.Collect$$rtentry$$00000004)
    .ARM.Collect$$rtentry$$00000009          0x080000d2   Section        0  __rtentry2.o(.ARM.Collect$$rtentry$$00000009)
    .ARM.Collect$$rtentry$$0000000A          0x080000d2   Section        4  __rtentry2.o(.ARM.Collect$$rtentry$$0000000A)
    .ARM.Collect$$rtentry$$0000000C          0x080000d6   Section        0  __rtentry2.o(.ARM.Collect$$rtentry$$0000000C)
    .ARM.Collect$$rtentry$$0000000D          0x080000d6   Section        8  __rtentry2.o(.ARM.Collect$$rtentry$$0000000D)
    .ARM.Collect$$rtexit$$00000000           0x080000de   Section        2  rtexit.o(.ARM.Collect$$rtexit$$00000000)
    .ARM.Collect$$rtexit$$00000002           0x080000e0   Section        0  rtexit2.o(.ARM.Collect$$rtexit$$00000002)
    .ARM.Collect$$rtexit$$00000003           0x080000e0   Section        4  rtexit2.o(.ARM.Collect$$rtexit$$00000003)
    .ARM.Collect$$rtexit$$00000004           0x080000e4   Section        6  rtexit2.o(.ARM.Collect$$rtexit$$00000004)
    .emb_text                                0x080000ec   Section       56  task.o(.emb_text)
    .text                                    0x08000124   Section       92  start.o(.text)
    .text                                    0x08000180   Section        0  noretval__2sprintf.o(.text)
    .text                                    0x080001a8   Section        0  __printf.o(.text)
    .text                                    0x08000210   Section        0  _printf_dec.o(.text)
    .text                                    0x08000288   Section        0  _printf_hex_ptr.o(.text)
    .text                                    0x080002dc   Section      100  rt_memcpy_w.o(.text)
    .text                                    0x08000340   Section       78  rt_memclr_w.o(.text)
    .text                                    0x0800038e   Section        0  _printf_intcommon.o(.text)
    .text                                    0x08000440   Section        0  _printf_char_common.o(.text)
    _printf_input_char                       0x08000441   Thumb Code    10  _printf_char_common.o(.text)
    .text                                    0x08000470   Section        0  _sputc.o(.text)
    .text                                    0x0800047a   Section       74  sys_stackheap_outer.o(.text)
    .text                                    0x080004c4   Section        0  exit.o(.text)
    .text                                    0x080004d0   Section        8  libspace.o(.text)
    .text                                    0x080004d8   Section       48  sys_stackheap.o(.text)
    .text                                    0x08000508   Section        2  use_no_semi.o(.text)
    .text                                    0x0800050a   Section        0  indicate_semi.o(.text)
    .text                                    0x0800050c   Section        0  sys_exit.o(.text)
    i.HardFault_Handler                      0x08000518   Section        0  exception.o(i.HardFault_Handler)
    i.LedInit                                0x0800053c   Section        0  led.o(i.LedInit)
    i.SVC_Handler                            0x0800055c   Section        0  exception.o(i.SVC_Handler)
    i.SysTickInit                            0x08000588   Section        0  systick.o(i.SysTickInit)
    i.SysTick_Handler                        0x080005a0   Section        0  systick.o(i.SysTick_Handler)
    i.SystemInit                             0x080005b4   Section        0  main.o(i.SystemInit)
    i.UsageFaultInit                         0x08000600   Section        0  exception.o(i.UsageFaultInit)
    i.UsageFault_Handler                     0x08000610   Section        0  exception.o(i.UsageFault_Handler)
    i.create_task                            0x08000644   Section        0  task.o(i.create_task)
    i.default_task                           0x08000654   Section        0  task.o(i.default_task)
    i.delay                                  0x08000688   Section        0  main.o(i.delay)
    i.list_add_task                          0x08000694   Section        0  task.o(i.list_add_task)
    list_add_task                            0x08000695   Thumb Code   368  task.o(i.list_add_task)
    i.main                                   0x08000808   Section        0  main.o(i.main)
    i.mymain                                 0x08000898   Section        0  main.o(i.mymain)
    i.os_schedule                            0x080008f0   Section        0  task.o(i.os_schedule)
    i.os_start_schedule                      0x080009e8   Section        0  task.o(i.os_start_schedule)
    i.put_char                               0x08000a34   Section        0  usart.o(i.put_char)
    i.send_addr                              0x08000a44   Section        0  usart.o(i.send_addr)
    i.stack_usage                            0x08000a78   Section        0  task.o(i.stack_usage)
    i.task1                                  0x08000ab4   Section        0  main.o(i.task1)
    i.task2                                  0x08000b38   Section        0  main.o(i.task2)
    i.task_delay                             0x08000ba0   Section        0  task.o(i.task_delay)
    i.task_tcb_init                          0x08000bb4   Section        0  task.o(i.task_tcb_init)
    task_tcb_init                            0x08000bb5   Thumb Code    24  task.o(i.task_tcb_init)
    i.usart1_init                            0x08000bcc   Section        0  usart.o(i.usart1_init)
    i.usart1_send_string                     0x08000c1c   Section        0  usart.o(i.usart1_send_string)
    x$fpl$d2f                                0x08000c34   Section       98  d2f.o(x$fpl$d2f)
    x$fpl$ddiv                               0x08000c98   Section      688  ddiv.o(x$fpl$ddiv)
    ddiv_entry                               0x08000c9f   Thumb Code     0  ddiv.o(x$fpl$ddiv)
    x$fpl$dfltu                              0x08000f48   Section       38  dflt_clz.o(x$fpl$dfltu)
    x$fpl$dnaninf                            0x08000f6e   Section      156  dnaninf.o(x$fpl$dnaninf)
    x$fpl$dretinf                            0x0800100a   Section       12  dretinf.o(x$fpl$dretinf)
    x$fpl$f2d                                0x08001018   Section       86  f2d.o(x$fpl$f2d)
    x$fpl$fflt                               0x08001070   Section       48  fflt_clz.o(x$fpl$fflt)
    x$fpl$fnaninf                            0x080010a0   Section      140  fnaninf.o(x$fpl$fnaninf)
    x$fpl$fretinf                            0x0800112c   Section       10  fretinf.o(x$fpl$fretinf)
    x$fpl$usenofp                            0x08001136   Section        0  usenofp.o(x$fpl$usenofp)
    .constdata                               0x08001138   Section       66  main.o(.constdata)
    .constdata                               0x0800117a   Section       40  _printf_hex_ptr.o(.constdata)
    uc_hextab                                0x0800117a   Data          20  _printf_hex_ptr.o(.constdata)
    lc_hextab                                0x0800118e   Data          20  _printf_hex_ptr.o(.constdata)
    .data                                    0x20000000   Section       12  main.o(.data)
    .data                                    0x2000000c   Section       24  task.o(.data)
    is_os_started                            0x2000000c   Data           1  task.o(.data)
    .bss                                     0x20000024   Section     1024  main.o(.bss)
    task1_stack                              0x20000024   Data         512  main.o(.bss)
    task2_stack                              0x20000224   Data         512  main.o(.bss)
    .bss                                     0x20000424   Section     1180  task.o(.bss)
    os_task_list                             0x20000424   Data        1052  task.o(.bss)
    .bss                                     0x200008c0   Section       96  libspace.o(.bss)

    Global Symbols

    Symbol Name                              Value     Ov Type        Size  Object(Section)

    BuildAttributes$$THM_ISAv4$P$D$K$B$S$PE$A:L22UL41UL21$X:L11$S22US41US21$IEEE1$IW$USESV6$~STKCKD$USESV7$~SHL$OSPACE$ROPI$EBA8$UX$STANDARDLIB$REQ8$EABIv2 0x00000000   Number         0  anon$$obj.o ABSOLUTE
    __ARM_use_no_argv                        0x00000000   Number         0  main.o ABSOLUTE
    Image$$ZI$$Limit                          - Undefined Weak Reference
    __ARM_exceptions_init                     - Undefined Weak Reference
    __alloca_initialize                       - Undefined Weak Reference
    __arm_preinit_                            - Undefined Weak Reference
    __cpp_initialize__aeabi_                  - Undefined Weak Reference
    __cxa_finalize                            - Undefined Weak Reference
    __rt_locale                               - Undefined Weak Reference
    __sigvec_lookup                           - Undefined Weak Reference
    _atexit_init                              - Undefined Weak Reference
    _call_atexit_fns                          - Undefined Weak Reference
    _clock_init                               - Undefined Weak Reference
    _fp_trap_init                             - Undefined Weak Reference
    _fp_trap_shutdown                         - Undefined Weak Reference
    _get_lc_collate                           - Undefined Weak Reference
    _get_lc_ctype                             - Undefined Weak Reference
    _get_lc_monetary                          - Undefined Weak Reference
    _get_lc_numeric                           - Undefined Weak Reference
    _get_lc_time                              - Undefined Weak Reference
    _getenv_init                              - Undefined Weak Reference
    _handle_redirection                       - Undefined Weak Reference
    _init_alloc                               - Undefined Weak Reference
    _init_user_alloc                          - Undefined Weak Reference
    _initio                                   - Undefined Weak Reference
    _printf_post_padding                      - Undefined Weak Reference
    _printf_pre_padding                       - Undefined Weak Reference
    _printf_truncate_signed                   - Undefined Weak Reference
    _printf_truncate_unsigned                 - Undefined Weak Reference
    _rand_init                                - Undefined Weak Reference
    _signal_finish                            - Undefined Weak Reference
    _signal_init                              - Undefined Weak Reference
    _terminate_alloc                          - Undefined Weak Reference
    _terminate_user_alloc                     - Undefined Weak Reference
    _terminateio                              - Undefined Weak Reference
    Image$$RW_IRAM1$$Length                  0x00000024   Number         0  anon$$obj.o ABSOLUTE
    Image$$RW_IRAM1$$ZI$$Length              0x000008fc   Number         0  anon$$obj.o ABSOLUTE
    Image$$ER_IROM1$$Length                  0x000011c4   Number         0  anon$$obj.o ABSOLUTE
    Image$$ER_IROM1$$Base                    0x08000000   Number         0  anon$$obj.o ABSOLUTE
    Load$$ER_IROM1$$Base                     0x08000000   Number         0  anon$$obj.o ABSOLUTE
    __Vectors                                0x08000000   Data           4  start.o(RESET)
    __main                                   0x08000041   Thumb Code     8  __main.o(!!!main)
    __scatterload                            0x08000049   Thumb Code     0  __scatter.o(!!!scatter)
    __scatterload_rt2                        0x08000049   Thumb Code    44  __scatter.o(!!!scatter)
    __scatterload_rt2_thumb_only             0x08000049   Thumb Code     0  __scatter.o(!!!scatter)
    __scatterload_null                       0x08000057   Thumb Code     0  __scatter.o(!!!scatter)
    __scatterload_copy                       0x0800007d   Thumb Code    26  __scatter_copy.o(!!handler_copy)
    __scatterload_zeroinit                   0x08000099   Thumb Code    28  __scatter_zi.o(!!handler_zi)
    _printf_p                                0x080000b5   Thumb Code     0  _printf_p.o(.ARM.Collect$$_printf_percent$$00000002)
    _printf_percent                          0x080000b5   Thumb Code     0  _printf_percent.o(.ARM.Collect$$_printf_percent$$00000000)
    _printf_d                                0x080000bb   Thumb Code     0  _printf_d.o(.ARM.Collect$$_printf_percent$$00000009)
    _printf_percent_end                      0x080000c1   Thumb Code     0  _printf_percent_end.o(.ARM.Collect$$_printf_percent$$00000017)
    __rt_lib_init                            0x080000c5   Thumb Code     0  libinit.o(.ARM.Collect$$libinit$$00000000)
    __rt_lib_init_alloca_1                   0x080000c7   Thumb Code     0  libinit2.o(.ARM.Collect$$libinit$$0000002E)
    __rt_lib_init_argv_1                     0x080000c7   Thumb Code     0  libinit2.o(.ARM.Collect$$libinit$$0000002C)
    __rt_lib_init_atexit_1                   0x080000c7   Thumb Code     0  libinit2.o(.ARM.Collect$$libinit$$0000001B)
    __rt_lib_init_clock_1                    0x080000c7   Thumb Code     0  libinit2.o(.ARM.Collect$$libinit$$00000021)
    __rt_lib_init_cpp_1                      0x080000c7   Thumb Code     0  libinit2.o(.ARM.Collect$$libinit$$00000032)
    __rt_lib_init_exceptions_1               0x080000c7   Thumb Code     0  libinit2.o(.ARM.Collect$$libinit$$00000030)
    __rt_lib_init_fp_1                       0x080000c7   Thumb Code     0  libinit2.o(.ARM.Collect$$libinit$$00000002)
    __rt_lib_init_fp_trap_1                  0x080000c7   Thumb Code     0  libinit2.o(.ARM.Collect$$libinit$$0000001F)
    __rt_lib_init_getenv_1                   0x080000c7   Thumb Code     0  libinit2.o(.ARM.Collect$$libinit$$00000023)
    __rt_lib_init_heap_1                     0x080000c7   Thumb Code     0  libinit2.o(.ARM.Collect$$libinit$$0000000A)
    __rt_lib_init_lc_collate_1               0x080000c7   Thumb Code     0  libinit2.o(.ARM.Collect$$libinit$$00000011)
    __rt_lib_init_lc_ctype_1                 0x080000c7   Thumb Code     0  libinit2.o(.ARM.Collect$$libinit$$00000013)
    __rt_lib_init_lc_monetary_1              0x080000c7   Thumb Code     0  libinit2.o(.ARM.Collect$$libinit$$00000015)
    __rt_lib_init_lc_numeric_1               0x080000c7   Thumb Code     0  libinit2.o(.ARM.Collect$$libinit$$00000017)
    __rt_lib_init_lc_time_1                  0x080000c7   Thumb Code     0  libinit2.o(.ARM.Collect$$libinit$$00000019)
    __rt_lib_init_preinit_1                  0x080000c7   Thumb Code     0  libinit2.o(.ARM.Collect$$libinit$$00000004)
    __rt_lib_init_rand_1                     0x080000c7   Thumb Code     0  libinit2.o(.ARM.Collect$$libinit$$0000000E)
    __rt_lib_init_return                     0x080000c7   Thumb Code     0  libinit2.o(.ARM.Collect$$libinit$$00000033)
    __rt_lib_init_signal_1                   0x080000c7   Thumb Code     0  libinit2.o(.ARM.Collect$$libinit$$0000001D)
    __rt_lib_init_stdio_1                    0x080000c7   Thumb Code     0  libinit2.o(.ARM.Collect$$libinit$$00000025)
    __rt_lib_init_user_alloc_1               0x080000c7   Thumb Code     0  libinit2.o(.ARM.Collect$$libinit$$0000000C)
    __rt_lib_shutdown                        0x080000c9   Thumb Code     0  libshutdown.o(.ARM.Collect$$libshutdown$$00000000)
    __rt_lib_shutdown_fp_trap_1              0x080000cb   Thumb Code     0  libshutdown2.o(.ARM.Collect$$libshutdown$$00000006)
    __rt_lib_shutdown_heap_1                 0x080000cb   Thumb Code     0  libshutdown2.o(.ARM.Collect$$libshutdown$$0000000E)
    __rt_lib_shutdown_return                 0x080000cb   Thumb Code     0  libshutdown2.o(.ARM.Collect$$libshutdown$$0000000F)
    __rt_lib_shutdown_signal_1               0x080000cb   Thumb Code     0  libshutdown2.o(.ARM.Collect$$libshutdown$$00000009)
    __rt_lib_shutdown_stdio_1                0x080000cb   Thumb Code     0  libshutdown2.o(.ARM.Collect$$libshutdown$$00000003)
    __rt_lib_shutdown_user_alloc_1           0x080000cb   Thumb Code     0  libshutdown2.o(.ARM.Collect$$libshutdown$$0000000B)
    __rt_entry                               0x080000cd   Thumb Code     0  __rtentry.o(.ARM.Collect$$rtentry$$00000000)
    __rt_entry_presh_1                       0x080000cd   Thumb Code     0  __rtentry2.o(.ARM.Collect$$rtentry$$00000002)
    __rt_entry_sh                            0x080000cd   Thumb Code     0  __rtentry4.o(.ARM.Collect$$rtentry$$00000004)
    __rt_entry_li                            0x080000d3   Thumb Code     0  __rtentry2.o(.ARM.Collect$$rtentry$$0000000A)
    __rt_entry_postsh_1                      0x080000d3   Thumb Code     0  __rtentry2.o(.ARM.Collect$$rtentry$$00000009)
    __rt_entry_main                          0x080000d7   Thumb Code     0  __rtentry2.o(.ARM.Collect$$rtentry$$0000000D)
    __rt_entry_postli_1                      0x080000d7   Thumb Code     0  __rtentry2.o(.ARM.Collect$$rtentry$$0000000C)
    __rt_exit                                0x080000df   Thumb Code     0  rtexit.o(.ARM.Collect$$rtexit$$00000000)
    __rt_exit_ls                             0x080000e1   Thumb Code     0  rtexit2.o(.ARM.Collect$$rtexit$$00000003)
    __rt_exit_prels_1                        0x080000e1   Thumb Code     0  rtexit2.o(.ARM.Collect$$rtexit$$00000002)
    __rt_exit_exit                           0x080000e5   Thumb Code     0  rtexit2.o(.ARM.Collect$$rtexit$$00000004)
    __asm___6_task_c_cur_task__start_task    0x080000ed   Thumb Code    10  task.o(.emb_text)
    __asm___6_task_c_cur_task__resume_task   0x080000f7   Thumb Code    10  task.o(.emb_text)
    save_stack_frame                         0x08000101   Thumb Code    24  task.o(.emb_text)
    push_r4_r11                              0x0800011d   Thumb Code     8  task.o(.emb_text)
    Reset_Handler                            0x08000125   Thumb Code    28  start.o(.text)
    UsageFault_Handler_asm                   0x08000141   Thumb Code     6  start.o(.text)
    SysTick_Handler_asm                      0x08000147   Thumb Code    24  start.o(.text)
    start_task_asm                           0x0800016d   Thumb Code    10  start.o(.text)
    __2sprintf                               0x08000181   Thumb Code    34  noretval__2sprintf.o(.text)
    __printf                                 0x080001a9   Thumb Code   104  __printf.o(.text)
    _printf_int_dec                          0x08000211   Thumb Code   104  _printf_dec.o(.text)
    _printf_hex_ptr                          0x08000289   Thumb Code    78  _printf_hex_ptr.o(.text)
    _printf_longlong_hex                     0x08000289   Thumb Code     0  _printf_hex_ptr.o(.text)
    __aeabi_memcpy4                          0x080002dd   Thumb Code     0  rt_memcpy_w.o(.text)
    __aeabi_memcpy8                          0x080002dd   Thumb Code     0  rt_memcpy_w.o(.text)
    __rt_memcpy_w                            0x080002dd   Thumb Code   100  rt_memcpy_w.o(.text)
    _memcpy_lastbytes_aligned                0x08000325   Thumb Code     0  rt_memcpy_w.o(.text)
    __aeabi_memclr4                          0x08000341   Thumb Code     0  rt_memclr_w.o(.text)
    __aeabi_memclr8                          0x08000341   Thumb Code     0  rt_memclr_w.o(.text)
    __rt_memclr_w                            0x08000341   Thumb Code    78  rt_memclr_w.o(.text)
    _memset_w                                0x08000345   Thumb Code     0  rt_memclr_w.o(.text)
    _printf_int_common                       0x0800038f   Thumb Code   178  _printf_intcommon.o(.text)
    _printf_char_common                      0x0800044b   Thumb Code    32  _printf_char_common.o(.text)
    _sputc                                   0x08000471   Thumb Code    10  _sputc.o(.text)
    __user_setup_stackheap                   0x0800047b   Thumb Code    74  sys_stackheap_outer.o(.text)
    exit                                     0x080004c5   Thumb Code    12  exit.o(.text)
    __user_libspace                          0x080004d1   Thumb Code     8  libspace.o(.text)
    __user_perproc_libspace                  0x080004d1   Thumb Code     0  libspace.o(.text)
    __user_perthread_libspace                0x080004d1   Thumb Code     0  libspace.o(.text)
    __user_initial_stackheap                 0x080004d9   Thumb Code    48  sys_stackheap.o(.text)
    _RW_Limit                                0x08000504   Data           0  sys_stackheap.o(.text)
    __I$use$semihosting                      0x08000509   Thumb Code     0  use_no_semi.o(.text)
    __use_no_semihosting_swi                 0x08000509   Thumb Code     2  use_no_semi.o(.text)
    __semihosting_library_function           0x0800050b   Thumb Code     0  indicate_semi.o(.text)
    _sys_exit                                0x0800050d   Thumb Code     8  sys_exit.o(.text)
    HardFault_Handler                        0x08000519   Thumb Code    10  exception.o(i.HardFault_Handler)
    LedInit                                  0x0800053d   Thumb Code    22  led.o(i.LedInit)
    SVC_Handler                              0x0800055d   Thumb Code    24  exception.o(i.SVC_Handler)
    SysTickInit                              0x08000589   Thumb Code    14  systick.o(i.SysTickInit)
    SysTick_Handler                          0x080005a1   Thumb Code    14  systick.o(i.SysTick_Handler)
    SystemInit                               0x080005b5   Thumb Code    42  main.o(i.SystemInit)
    UsageFaultInit                           0x08000601   Thumb Code    12  exception.o(i.UsageFaultInit)
    UsageFault_Handler                       0x08000611   Thumb Code    24  exception.o(i.UsageFault_Handler)
    create_task                              0x08000645   Thumb Code    16  task.o(i.create_task)
    default_task                             0x08000655   Thumb Code    24  task.o(i.default_task)
    delay                                    0x08000689   Thumb Code    10  main.o(i.delay)
    main                                     0x08000809   Thumb Code   106  main.o(i.main)
    mymain                                   0x08000899   Thumb Code    54  main.o(i.mymain)
    os_schedule                              0x080008f1   Thumb Code   192  task.o(i.os_schedule)
    os_start_schedule                        0x080009e9   Thumb Code    52  task.o(i.os_start_schedule)
    put_char                                 0x08000a35   Thumb Code    12  usart.o(i.put_char)
    send_addr                                0x08000a45   Thumb Code    42  usart.o(i.send_addr)
    stack_usage                              0x08000a79   Thumb Code    56  task.o(i.stack_usage)
    task1                                    0x08000ab5   Thumb Code   120  main.o(i.task1)
    task2                                    0x08000b39   Thumb Code    96  main.o(i.task2)
    task_delay                               0x08000ba1   Thumb Code    16  task.o(i.task_delay)
    usart1_init                              0x08000bcd   Thumb Code    68  usart.o(i.usart1_init)
    usart1_send_string                       0x08000c1d   Thumb Code    24  usart.o(i.usart1_send_string)
    __aeabi_d2f                              0x08000c35   Thumb Code     0  d2f.o(x$fpl$d2f)
    _d2f                                     0x08000c35   Thumb Code    98  d2f.o(x$fpl$d2f)
    __aeabi_ddiv                             0x08000c99   Thumb Code     0  ddiv.o(x$fpl$ddiv)
    _ddiv                                    0x08000c99   Thumb Code   552  ddiv.o(x$fpl$ddiv)
    __aeabi_ui2d                             0x08000f49   Thumb Code     0  dflt_clz.o(x$fpl$dfltu)
    _dfltu                                   0x08000f49   Thumb Code    38  dflt_clz.o(x$fpl$dfltu)
    __fpl_dnaninf                            0x08000f6f   Thumb Code   156  dnaninf.o(x$fpl$dnaninf)
    __fpl_dretinf                            0x0800100b   Thumb Code    12  dretinf.o(x$fpl$dretinf)
    __aeabi_f2d                              0x08001019   Thumb Code     0  f2d.o(x$fpl$f2d)
    _f2d                                     0x08001019   Thumb Code    86  f2d.o(x$fpl$f2d)
    __aeabi_i2f                              0x08001071   Thumb Code     0  fflt_clz.o(x$fpl$fflt)
    _fflt                                    0x08001071   Thumb Code    48  fflt_clz.o(x$fpl$fflt)
    __fpl_fnaninf                            0x080010a1   Thumb Code   140  fnaninf.o(x$fpl$fnaninf)
    __fpl_fretinf                            0x0800112d   Thumb Code    10  fretinf.o(x$fpl$fretinf)
    __I$use$fp                               0x08001136   Number         0  usenofp.o(x$fpl$usenofp)
    c2                                       0x08001138   Data           1  main.o(.constdata)
    Region$$Table$$Base                      0x080011a4   Number         0  anon$$obj.o(Region$$Table)
    Load$$RW_IRAM1$$Base                     0x080011c4   Number         0  anon$$obj.o ABSOLUTE
    Region$$Table$$Limit                     0x080011c4   Number         0  anon$$obj.o(Region$$Table)
    Image$$RW_IRAM1$$Base                    0x20000000   Number         0  anon$$obj.o ABSOLUTE
    c                                        0x20000000   Data           1  main.o(.data)
    var_1                                    0x20000004   Data           4  main.o(.data)
    task1_usage                              0x20000008   Data           4  main.o(.data)
    cur_task                                 0x20000010   Data           4  task.o(.data)
    idle_task                                0x20000014   Data           4  task.o(.data)
    delay_node                               0x20000018   Data           4  task.o(.data)
    init_node                                0x2000001c   Data           4  task.o(.data)
    next_node                                0x20000020   Data           4  task.o(.data)
    Image$$RW_IRAM1$$ZI$$Base                0x20000024   Number         0  anon$$obj.o ABSOLUTE
    default_stack                            0x20000840   Data         128  task.o(.bss)
    __libspace_start                         0x200008c0   Data          96  libspace.o(.bss)
    __temporary_stack_top$libspace           0x20000920   Data           0  libspace.o(.bss)



==============================================================================

Memory Map of the image

  Image Entry point : 0x08000041

  Load Region LR_IROM1 (Base: 0x08000000, Size: 0x000011e8, Max: 0x00010000, ABSOLUTE)

    Execution Region ER_IROM1 (Base: 0x08000000, Size: 0x000011c4, Max: 0x00010000, ABSOLUTE)

    Base Addr    Size         Type   Attr      Idx    E Section Name        Object

    0x08000000   0x00000040   Data   RO          301    RESET               start.o
    0x08000040   0x00000008   Code   RO          400  * !!!main             c_w.l(__main.o)
    0x08000048   0x00000034   Code   RO          596    !!!scatter          c_w.l(__scatter.o)
    0x0800007c   0x0000001a   Code   RO          598    !!handler_copy      c_w.l(__scatter_copy.o)
    0x08000096   0x00000002   PAD
    0x08000098   0x0000001c   Code   RO          600    !!handler_zi        c_w.l(__scatter_zi.o)
    0x080000b4   0x00000000   Code   RO          395    .ARM.Collect$$_printf_percent$$00000000  c_w.l(_printf_percent.o)
    0x080000b4   0x00000006   Code   RO          393    .ARM.Collect$$_printf_percent$$00000002  c_w.l(_printf_p.o)
    0x080000ba   0x00000006   Code   RO          394    .ARM.Collect$$_printf_percent$$00000009  c_w.l(_printf_d.o)
    0x080000c0   0x00000004   Code   RO          429    .ARM.Collect$$_printf_percent$$00000017  c_w.l(_printf_percent_end.o)
    0x080000c4   0x00000002   Code   RO          465    .ARM.Collect$$libinit$$00000000  c_w.l(libinit.o)
    0x080000c6   0x00000000   Code   RO          474    .ARM.Collect$$libinit$$00000002  c_w.l(libinit2.o)
    0x080000c6   0x00000000   Code   RO          476    .ARM.Collect$$libinit$$00000004  c_w.l(libinit2.o)
    0x080000c6   0x00000000   Code   RO          479    .ARM.Collect$$libinit$$0000000A  c_w.l(libinit2.o)
    0x080000c6   0x00000000   Code   RO          481    .ARM.Collect$$libinit$$0000000C  c_w.l(libinit2.o)
    0x080000c6   0x00000000   Code   RO          483    .ARM.Collect$$libinit$$0000000E  c_w.l(libinit2.o)
    0x080000c6   0x00000000   Code   RO          486    .ARM.Collect$$libinit$$00000011  c_w.l(libinit2.o)
    0x080000c6   0x00000000   Code   RO          488    .ARM.Collect$$libinit$$00000013  c_w.l(libinit2.o)
    0x080000c6   0x00000000   Code   RO          490    .ARM.Collect$$libinit$$00000015  c_w.l(libinit2.o)
    0x080000c6   0x00000000   Code   RO          492    .ARM.Collect$$libinit$$00000017  c_w.l(libinit2.o)
    0x080000c6   0x00000000   Code   RO          494    .ARM.Collect$$libinit$$00000019  c_w.l(libinit2.o)
    0x080000c6   0x00000000   Code   RO          496    .ARM.Collect$$libinit$$0000001B  c_w.l(libinit2.o)
    0x080000c6   0x00000000   Code   RO          498    .ARM.Collect$$libinit$$0000001D  c_w.l(libinit2.o)
    0x080000c6   0x00000000   Code   RO          500    .ARM.Collect$$libinit$$0000001F  c_w.l(libinit2.o)
    0x080000c6   0x00000000   Code   RO          502    .ARM.Collect$$libinit$$00000021  c_w.l(libinit2.o)
    0x080000c6   0x00000000   Code   RO          504    .ARM.Collect$$libinit$$00000023  c_w.l(libinit2.o)
    0x080000c6   0x00000000   Code   RO          506    .ARM.Collect$$libinit$$00000025  c_w.l(libinit2.o)
    0x080000c6   0x00000000   Code   RO          510    .ARM.Collect$$libinit$$0000002C  c_w.l(libinit2.o)
    0x080000c6   0x00000000   Code   RO          512    .ARM.Collect$$libinit$$0000002E  c_w.l(libinit2.o)
    0x080000c6   0x00000000   Code   RO          514    .ARM.Collect$$libinit$$00000030  c_w.l(libinit2.o)
    0x080000c6   0x00000000   Code   RO          516    .ARM.Collect$$libinit$$00000032  c_w.l(libinit2.o)
    0x080000c6   0x00000002   Code   RO          517    .ARM.Collect$$libinit$$00000033  c_w.l(libinit2.o)
    0x080000c8   0x00000002   Code   RO          540    .ARM.Collect$$libshutdown$$00000000  c_w.l(libshutdown.o)
    0x080000ca   0x00000000   Code   RO          551    .ARM.Collect$$libshutdown$$00000003  c_w.l(libshutdown2.o)
    0x080000ca   0x00000000   Code   RO          554    .ARM.Collect$$libshutdown$$00000006  c_w.l(libshutdown2.o)
    0x080000ca   0x00000000   Code   RO          557    .ARM.Collect$$libshutdown$$00000009  c_w.l(libshutdown2.o)
    0x080000ca   0x00000000   Code   RO          559    .ARM.Collect$$libshutdown$$0000000B  c_w.l(libshutdown2.o)
    0x080000ca   0x00000000   Code   RO          562    .ARM.Collect$$libshutdown$$0000000E  c_w.l(libshutdown2.o)
    0x080000ca   0x00000002   Code   RO          563    .ARM.Collect$$libshutdown$$0000000F  c_w.l(libshutdown2.o)
    0x080000cc   0x00000000   Code   RO          422    .ARM.Collect$$rtentry$$00000000  c_w.l(__rtentry.o)
    0x080000cc   0x00000000   Code   RO          440    .ARM.Collect$$rtentry$$00000002  c_w.l(__rtentry2.o)
    0x080000cc   0x00000006   Code   RO          452    .ARM.Collect$$rtentry$$00000004  c_w.l(__rtentry4.o)
    0x080000d2   0x00000000   Code   RO          442    .ARM.Collect$$rtentry$$00000009  c_w.l(__rtentry2.o)
    0x080000d2   0x00000004   Code   RO          443    .ARM.Collect$$rtentry$$0000000A  c_w.l(__rtentry2.o)
    0x080000d6   0x00000000   Code   RO          445    .ARM.Collect$$rtentry$$0000000C  c_w.l(__rtentry2.o)
    0x080000d6   0x00000008   Code   RO          446    .ARM.Collect$$rtentry$$0000000D  c_w.l(__rtentry2.o)
    0x080000de   0x00000002   Code   RO          471    .ARM.Collect$$rtexit$$00000000  c_w.l(rtexit.o)
    0x080000e0   0x00000000   Code   RO          522    .ARM.Collect$$rtexit$$00000002  c_w.l(rtexit2.o)
    0x080000e0   0x00000004   Code   RO          523    .ARM.Collect$$rtexit$$00000003  c_w.l(rtexit2.o)
    0x080000e4   0x00000006   Code   RO          524    .ARM.Collect$$rtexit$$00000004  c_w.l(rtexit2.o)
    0x080000ea   0x00000002   PAD
    0x080000ec   0x00000038   Code   RO          206    .emb_text           task.o
    0x08000124   0x0000005c   Code   RO          302    .text               start.o
    0x08000180   0x00000028   Code   RO          346    .text               c_w.l(noretval__2sprintf.o)
    0x080001a8   0x00000068   Code   RO          348    .text               c_w.l(__printf.o)
    0x08000210   0x00000078   Code   RO          350    .text               c_w.l(_printf_dec.o)
    0x08000288   0x00000054   Code   RO          361    .text               c_w.l(_printf_hex_ptr.o)
    0x080002dc   0x00000064   Code   RO          396    .text               c_w.l(rt_memcpy_w.o)
    0x08000340   0x0000004e   Code   RO          398    .text               c_w.l(rt_memclr_w.o)
    0x0800038e   0x000000b2   Code   RO          423    .text               c_w.l(_printf_intcommon.o)
    0x08000440   0x00000030   Code   RO          425    .text               c_w.l(_printf_char_common.o)
    0x08000470   0x0000000a   Code   RO          427    .text               c_w.l(_sputc.o)
    0x0800047a   0x0000004a   Code   RO          456    .text               c_w.l(sys_stackheap_outer.o)
    0x080004c4   0x0000000c   Code   RO          458    .text               c_w.l(exit.o)
    0x080004d0   0x00000008   Code   RO          466    .text               c_w.l(libspace.o)
    0x080004d8   0x00000030   Code   RO          469    .text               c_w.l(sys_stackheap.o)
    0x08000508   0x00000002   Code   RO          518    .text               c_w.l(use_no_semi.o)
    0x0800050a   0x00000000   Code   RO          520    .text               c_w.l(indicate_semi.o)
    0x0800050a   0x00000002   PAD
    0x0800050c   0x0000000c   Code   RO          532    .text               c_w.l(sys_exit.o)
    0x08000518   0x00000024   Code   RO          306    i.HardFault_Handler  exception.o
    0x0800053c   0x00000020   Code   RO          134    i.LedInit           led.o
    0x0800055c   0x0000002c   Code   RO          307    i.SVC_Handler       exception.o
    0x08000588   0x00000018   Code   RO          154    i.SysTickInit       systick.o
    0x080005a0   0x00000014   Code   RO          155    i.SysTick_Handler   systick.o
    0x080005b4   0x0000004c   Code   RO            1    i.SystemInit        main.o
    0x08000600   0x00000010   Code   RO          308    i.UsageFaultInit    exception.o
    0x08000610   0x00000034   Code   RO          309    i.UsageFault_Handler  exception.o
    0x08000644   0x00000010   Code   RO          207    i.create_task       task.o
    0x08000654   0x00000034   Code   RO          208    i.default_task      task.o
    0x08000688   0x0000000a   Code   RO            3    i.delay             main.o
    0x08000692   0x00000002   PAD
    0x08000694   0x00000174   Code   RO          211    i.list_add_task     task.o
    0x08000808   0x00000090   Code   RO            6    i.main              main.o
    0x08000898   0x00000058   Code   RO            7    i.mymain            main.o
    0x080008f0   0x000000f8   Code   RO          212    i.os_schedule       task.o
    0x080009e8   0x0000004c   Code   RO          213    i.os_start_schedule  task.o
    0x08000a34   0x00000010   Code   RO          104    i.put_char          usart.o
    0x08000a44   0x00000034   Code   RO          105    i.send_addr         usart.o
    0x08000a78   0x0000003c   Code   RO          215    i.stack_usage       task.o
    0x08000ab4   0x00000084   Code   RO           11    i.task1             main.o
    0x08000b38   0x00000068   Code   RO           12    i.task2             main.o
    0x08000ba0   0x00000014   Code   RO          216    i.task_delay        task.o
    0x08000bb4   0x00000018   Code   RO          217    i.task_tcb_init     task.o
    0x08000bcc   0x00000050   Code   RO          106    i.usart1_init       usart.o
    0x08000c1c   0x00000018   Code   RO          107    i.usart1_send_string  usart.o
    0x08000c34   0x00000062   Code   RO          402    x$fpl$d2f           fz_ws.l(d2f.o)
    0x08000c96   0x00000002   PAD
    0x08000c98   0x000002b0   Code   RO          405    x$fpl$ddiv          fz_ws.l(ddiv.o)
    0x08000f48   0x00000026   Code   RO          408    x$fpl$dfltu         fz_ws.l(dflt_clz.o)
    0x08000f6e   0x0000009c   Code   RO          430    x$fpl$dnaninf       fz_ws.l(dnaninf.o)
    0x0800100a   0x0000000c   Code   RO          432    x$fpl$dretinf       fz_ws.l(dretinf.o)
    0x08001016   0x00000002   PAD
    0x08001018   0x00000056   Code   RO          414    x$fpl$f2d           fz_ws.l(f2d.o)
    0x0800106e   0x00000002   PAD
    0x08001070   0x00000030   Code   RO          417    x$fpl$fflt          fz_ws.l(fflt_clz.o)
    0x080010a0   0x0000008c   Code   RO          434    x$fpl$fnaninf       fz_ws.l(fnaninf.o)
    0x0800112c   0x0000000a   Code   RO          436    x$fpl$fretinf       fz_ws.l(fretinf.o)
    0x08001136   0x00000000   Code   RO          438    x$fpl$usenofp       fz_ws.l(usenofp.o)
    0x08001136   0x00000002   PAD
    0x08001138   0x00000042   Data   RO           14    .constdata          main.o
    0x0800117a   0x00000028   Data   RO          362    .constdata          c_w.l(_printf_hex_ptr.o)
    0x080011a2   0x00000002   PAD
    0x080011a4   0x00000020   Data   RO          594    Region$$Table       anon$$obj.o


    Execution Region RW_IRAM1 (Base: 0x20000000, Size: 0x00000920, Max: 0x00005000, ABSOLUTE)

    Base Addr    Size         Type   Attr      Idx    E Section Name        Object

    0x20000000   0x0000000c   Data   RW           15    .data               main.o
    0x2000000c   0x00000018   Data   RW          220    .data               task.o
    0x20000024   0x00000400   Zero   RW           13    .bss                main.o
    0x20000424   0x0000049c   Zero   RW          219    .bss                task.o
    0x200008c0   0x00000060   Zero   RW          467    .bss                c_w.l(libspace.o)


==============================================================================

Image component sizes


      Code (inc. data)   RO Data    RW Data    ZI Data      Debug   Object Name

       148         78          0          0          0       2064   exception.o
        32         10          0          0          0        406   led.o
       554        126         66         12       1024      10270   main.o
        92         10         64          0          0        520   start.o
        44         16          0          0          0       9008   systick.o
       924        124          0         24       1180       5865   task.o
       172         26          0          0          0       2200   usart.o

    ----------------------------------------------------------------------
      1968        390        162         36       2204      30333   Object Totals
         0          0         32          0          0          0   (incl. Generated)
         2          0          0          0          0          0   (incl. Padding)

    ----------------------------------------------------------------------

      Code (inc. data)   RO Data    RW Data    ZI Data      Debug   Library Member Name

         8          0          0          0          0         68   __main.o
       104          0          0          0          0         84   __printf.o
         0          0          0          0          0          0   __rtentry.o
        12          0          0          0          0          0   __rtentry2.o
         6          0          0          0          0          0   __rtentry4.o
        52          8          0          0          0          0   __scatter.o
        26          0          0          0          0          0   __scatter_copy.o
        28          0          0          0          0          0   __scatter_zi.o
        48          6          0          0          0         96   _printf_char_common.o
         6          0          0          0          0          0   _printf_d.o
       120         16          0          0          0         92   _printf_dec.o
        84          6         40          0          0         88   _printf_hex_ptr.o
       178          0          0          0          0         88   _printf_intcommon.o
         6          0          0          0          0          0   _printf_p.o
         0          0          0          0          0          0   _printf_percent.o
         4          0          0          0          0          0   _printf_percent_end.o
        10          0          0          0          0         68   _sputc.o
        12          0          0          0          0         72   exit.o
         0          0          0          0          0          0   indicate_semi.o
         2          0          0          0          0          0   libinit.o
         2          0          0          0          0          0   libinit2.o
         2          0          0          0          0          0   libshutdown.o
         2          0          0          0          0          0   libshutdown2.o
         8          4          0          0         96         68   libspace.o
        40          6          0          0          0         84   noretval__2sprintf.o
        78          0          0          0          0         80   rt_memclr_w.o
       100          0          0          0          0         80   rt_memcpy_w.o
         2          0          0          0          0          0   rtexit.o
        10          0          0          0          0          0   rtexit2.o
        12          4          0          0          0         68   sys_exit.o
        48          8          0          0          0         80   sys_stackheap.o
        74          0          0          0          0         80   sys_stackheap_outer.o
         2          0          0          0          0         68   use_no_semi.o
        98          4          0          0          0         92   d2f.o
       688        140          0          0          0        208   ddiv.o
        38          0          0          0          0         68   dflt_clz.o
       156          4          0          0          0         92   dnaninf.o
        12          0          0          0          0         68   dretinf.o
        86          4          0          0          0         84   f2d.o
        48          0          0          0          0         68   fflt_clz.o
       140          4          0          0          0         84   fnaninf.o
        10          0          0          0          0         68   fretinf.o
         0          0          0          0          0          0   usenofp.o

    ----------------------------------------------------------------------
      2376        214         42          0         96       2096   Library Totals
        14          0          2          0          0          0   (incl. Padding)

    ----------------------------------------------------------------------

      Code (inc. data)   RO Data    RW Data    ZI Data      Debug   Library Name

      1086         58         40          0         96       1264   c_w.l
      1276        156          0          0          0        832   fz_ws.l

    ----------------------------------------------------------------------
      2376        214         42          0         96       2096   Library Totals

    ----------------------------------------------------------------------

==============================================================================


      Code (inc. data)   RO Data    RW Data    ZI Data      Debug   

      4344        604        204         36       2300      30189   Grand Totals
      4344        604        204         36       2300      30189   ELF Image Totals
      4344        604        204         36          0          0   ROM Totals

==============================================================================

    Total RO  Size (Code + RO Data)                 4548 (   4.44kB)
    Total RW  Size (RW Data + ZI Data)              2336 (   2.28kB)
    Total ROM Size (Code + RO Data + RW Data)       4584 (   4.48kB)

==============================================================================

